c:\computergraphicsfinal\template2024\opengltemplate\debug\vc143.pdb
c:\computergraphicsfinal\template2024\opengltemplate\debug\vertexbufferobjectindexed.obj
c:\computergraphicsfinal\template2024\opengltemplate\debug\vertexbufferobject.obj
c:\computergraphicsfinal\template2024\opengltemplate\debug\texture.obj
c:\computergraphicsfinal\template2024\opengltemplate\debug\sphere.obj
c:\computergraphicsfinal\template2024\opengltemplate\debug\skybox.obj
c:\computergraphicsfinal\template2024\opengltemplate\debug\shaders.obj
c:\computergraphicsfinal\template2024\opengltemplate\debug\plane.obj
c:\computergraphicsfinal\template2024\opengltemplate\debug\openassetimportmesh.obj
c:\computergraphicsfinal\template2024\opengltemplate\debug\matrixstack.obj
c:\computergraphicsfinal\template2024\opengltemplate\debug\highresolutiontimer.obj
c:\computergraphicsfinal\template2024\opengltemplate\debug\hdplane.obj
c:\computergraphicsfinal\template2024\opengltemplate\debug\gem.obj
c:\computergraphicsfinal\template2024\opengltemplate\debug\gamewindow.obj
c:\computergraphicsfinal\template2024\opengltemplate\debug\game.obj
c:\computergraphicsfinal\template2024\opengltemplate\debug\freetypefont.obj
c:\computergraphicsfinal\template2024\opengltemplate\debug\cubemap.obj
c:\computergraphicsfinal\template2024\opengltemplate\debug\catmullrom.obj
c:\computergraphicsfinal\template2024\opengltemplate\debug\camera.obj
c:\computergraphicsfinal\template2024\opengltemplate\debug\audio.obj
c:\computergraphicsfinal\template2024\debug\opengltemplate.pdb
c:\computergraphicsfinal\template2024\opengltemplate\debug\opengltemplate.tlog\cl.command.1.tlog
c:\computergraphicsfinal\template2024\opengltemplate\debug\opengltemplate.tlog\cl.read.1.tlog
c:\computergraphicsfinal\template2024\opengltemplate\debug\opengltemplate.tlog\cl.write.1.tlog
c:\computergraphicsfinal\template2024\opengltemplate\debug\opengltemplate.tlog\link-cvtres.read.1.tlog
c:\computergraphicsfinal\template2024\opengltemplate\debug\opengltemplate.tlog\link-cvtres.write.1.tlog
c:\computergraphicsfinal\template2024\opengltemplate\debug\opengltemplate.tlog\link-rc.read.1.tlog
c:\computergraphicsfinal\template2024\opengltemplate\debug\opengltemplate.tlog\link-rc.write.1.tlog
c:\computergraphicsfinal\template2024\opengltemplate\debug\opengltemplate.tlog\link.command.1.tlog
c:\computergraphicsfinal\template2024\opengltemplate\debug\opengltemplate.tlog\link.read.1.tlog
c:\computergraphicsfinal\template2024\opengltemplate\debug\opengltemplate.tlog\link.write.1.tlog
